
> gateau-landing@0.1.0 build
> next build

  Γû▓ Next.js 14.2.35

   Creating an optimized production build ...
 Γ£ô Compiled successfully
   Linting and checking validity of types ...
node.exe : 
At line:1 char:1
+ & "C:\Program 
Files\nodejs/node.exe" 
"C:\Program 
Files\nodejs/node_mo ...
+ ~~~~~~~~~~~~~~~~~~~~~~~~~~~
~~~~~~~~~~~~~~~~~~~~~~~~~~~~~
~~~~~~~~~~~~~
    + CategoryInfo           
   : NotSpecified: (:String  
  ) [], RemoteException
    + FullyQualifiedErrorId  
   : NativeCommandError
 
Failed to compile.

./src/components/CanvasSequen
ce.tsx
111:13  Error: 'pIndex' is 
never reassigned. Use 
'const' instead.  
prefer-const
138:6  Warning: React Hook 
useEffect has a missing 
dependency: 'updateCanvas'. 
Either include it or remove 
the dependency array.  
react-hooks/exhaustive-deps

./src/components/Navbar.tsx
4:8  Error: 'Link' is 
defined but never used.  @typ
escript-eslint/no-unused-vars
58:40  Error: `'` can be 
escaped with `&apos;`, 
`&lsquo;`, `&#39;`, 
`&rsquo;`.  
react/no-unescaped-entities

./src/components/StorySection
s.tsx
39:15  Error: `'` can be 
escaped with `&apos;`, 
`&lsquo;`, `&#39;`, 
`&rsquo;`.  
react/no-unescaped-entities
130:15  Error: `'` can be 
escaped with `&apos;`, 
`&lsquo;`, `&#39;`, 
`&rsquo;`.  
react/no-unescaped-entities

info  - Need to disable some 
ESLint rules? Learn more 
here: https://nextjs.org/docs
/basic-features/eslint#disabl
ing-rules
